[debug] [2026-04-18T07:10:54.472Z] ----------------------------------------------------------------------
[debug] [2026-04-18T07:10:54.474Z] Command:       C:\Program Files\nodejs\node.exe C:\Users\Dell\AppData\Roaming\npm\node_modules\firebase-tools\lib\bin\firebase.js projects:create smart-restau-dz-2026 --json
[debug] [2026-04-18T07:10:54.474Z] CLI Version:   15.15.0
[debug] [2026-04-18T07:10:54.475Z] Platform:      win32
[debug] [2026-04-18T07:10:54.475Z] Node Version:  v20.12.2
[debug] [2026-04-18T07:10:54.475Z] Time:          Sat Apr 18 2026 08:10:54 GMT+0100 (UTC+01:00)
[debug] [2026-04-18T07:10:54.475Z] ----------------------------------------------------------------------
[debug] 
[debug] [2026-04-18T07:10:54.480Z] > command requires scopes: ["email","openid","https://www.googleapis.com/auth/cloudplatformprojects.readonly","https://www.googleapis.com/auth/firebase","https://www.googleapis.com/auth/cloud-platform"]
[debug] [2026-04-18T07:10:54.480Z] > authorizing via signed-in user (s80913699@gmail.com)
[debug] [2026-04-18T07:10:54.485Z] Checked if tokens are valid: true, expires at: 1776499802598
[debug] [2026-04-18T07:10:54.485Z] Checked if tokens are valid: true, expires at: 1776499802598
[debug] [2026-04-18T07:10:54.486Z] >>> [apiv2][query] POST https://cloudresourcemanager.googleapis.com/v1/projects [none]
[debug] [2026-04-18T07:10:54.487Z] >>> [apiv2][body] POST https://cloudresourcemanager.googleapis.com/v1/projects {"projectId":"smart-restau-dz-2026","name":"smart-restau-dz-2026"}
[debug] [2026-04-18T07:10:55.578Z] <<< [apiv2][status] POST https://cloudresourcemanager.googleapis.com/v1/projects 200
[debug] [2026-04-18T07:10:55.578Z] <<< [apiv2][body] POST https://cloudresourcemanager.googleapis.com/v1/projects {"name":"operations/create_project.global.6762353043661183313"}
[debug] [2026-04-18T07:10:55.579Z] Checked if tokens are valid: true, expires at: 1776499802598
[debug] [2026-04-18T07:10:55.579Z] Checked if tokens are valid: true, expires at: 1776499802598
[debug] [2026-04-18T07:10:55.580Z] >>> [apiv2][query] GET https://cloudresourcemanager.googleapis.com/v1/operations/create_project.global.6762353043661183313 [none]
[debug] [2026-04-18T07:10:56.299Z] <<< [apiv2][status] GET https://cloudresourcemanager.googleapis.com/v1/operations/create_project.global.6762353043661183313 200
[debug] [2026-04-18T07:10:56.299Z] <<< [apiv2][body] GET https://cloudresourcemanager.googleapis.com/v1/operations/create_project.global.6762353043661183313 {"name":"operations/create_project.global.6762353043661183313","metadata":{"@type":"type.googleapis.com/google.cloudresourcemanager.v1.ProjectCreationStatus","ready":true},"done":true,"error":{"code":9,"message":"Callers must accept Terms of Service","details":[{"@type":"type.googleapis.com/google.rpc.PreconditionFailure","violations":[{"type":"TOS","subject":"cloud","description":"Callers must accept Terms of Service"}]}]}}
[debug] [2026-04-18T07:10:56.301Z] FirebaseError: Callers must accept Terms of Service
    at OperationPoller.poll (C:\Users\Dell\AppData\Roaming\npm\node_modules\firebase-tools\lib\operation-poller.js:25:19)
    at process.processTicksAndRejections (node:internal/process/task_queues:95:5)
    at async createCloudProject (C:\Users\Dell\AppData\Roaming\npm\node_modules\firebase-tools\lib\management\projects.js:237:29)
    at async createFirebaseProjectAndLog (C:\Users\Dell\AppData\Roaming\npm\node_modules\firebase-tools\lib\management\projects.js:102:9)
[error] 
[error] Error: Failed to create project. See firebase-debug.log for more info.
